---
source: src/tests/mod.rs
expression: ir
---
; ModuleID = 'main'
source_filename = "src/main.ppl"

%"Type<String>" = type { %String, %Integer }
%String = type { ptr }
%Integer = type { ptr }
%"Type<MemoryAddress>" = type { %String, %Integer }
%"Type<I32>" = type { %String, %Integer }
%"Type<F64>" = type { %String, %Integer }
%"Type<Integer>" = type { %String, %Integer }
%"Type<Array<Integer>>" = type { %String, %Integer }
%Rational = type { ptr }

@"Type<String>" = private global %"Type<String>" zeroinitializer
@0 = private unnamed_addr constant [7 x i8] c"String\00", align 1
@"Type<MemoryAddress>" = private global %"Type<MemoryAddress>" zeroinitializer
@1 = private unnamed_addr constant [14 x i8] c"MemoryAddress\00", align 1
@"Type<I32>" = private global %"Type<I32>" zeroinitializer
@2 = private unnamed_addr constant [4 x i8] c"I32\00", align 1
@"Type<F64>" = private global %"Type<F64>" zeroinitializer
@3 = private unnamed_addr constant [4 x i8] c"F64\00", align 1
@"Type<Integer>" = private global %"Type<Integer>" zeroinitializer
@4 = private unnamed_addr constant [8 x i8] c"Integer\00", align 1
@"Type<Array<Integer>>" = private global %"Type<Array<Integer>>" zeroinitializer
@5 = private unnamed_addr constant [15 x i8] c"Array<Integer>\00", align 1
@6 = private unnamed_addr constant [6 x i8] c"Hello\00", align 1
@7 = private unnamed_addr constant [2 x i8] c" \00", align 1
@8 = private unnamed_addr constant [7 x i8] c"World!\00", align 1
@9 = private unnamed_addr constant [2 x i8] c"0\00", align 1

define private void @initialize() !dbg !3 {
  %1 = alloca %"Type<String>", align 8, !dbg !7
  %"Type<String>.name" = getelementptr inbounds %"Type<String>", ptr %1, i32 0, i32 0, !dbg !7
  %2 = call %String @string_from_c_string_and_length(ptr @0, i64 6), !dbg !8
  store %String %2, ptr %"Type<String>.name", align 8, !dbg !8
  %"Type<String>.size" = getelementptr inbounds %"Type<String>", ptr %1, i32 0, i32 1, !dbg !8
  %3 = call %Integer @integer_from_i64(i64 8), !dbg !8
  store %Integer %3, ptr %"Type<String>.size", align 8, !dbg !8
  %4 = load %"Type<String>", ptr %1, align 8, !dbg !8
  store %"Type<String>" %4, ptr @"Type<String>", align 8, !dbg !8
  br label %return, !dbg !8

return:                                           ; preds = %0
  ret void
}

declare %String @string_from_c_string_and_length(ptr, i64)

declare %Integer @integer_from_i64(i64)

define private void @initialize.1() !dbg !9 {
  %1 = alloca %"Type<MemoryAddress>", align 8, !dbg !10
  %"Type<MemoryAddress>.name" = getelementptr inbounds %"Type<MemoryAddress>", ptr %1, i32 0, i32 0, !dbg !10
  %2 = call %String @string_from_c_string_and_length(ptr @1, i64 13), !dbg !11
  store %String %2, ptr %"Type<MemoryAddress>.name", align 8, !dbg !11
  %"Type<MemoryAddress>.size" = getelementptr inbounds %"Type<MemoryAddress>", ptr %1, i32 0, i32 1, !dbg !11
  %3 = call %Integer @integer_from_i64(i64 8), !dbg !11
  store %Integer %3, ptr %"Type<MemoryAddress>.size", align 8, !dbg !11
  %4 = load %"Type<MemoryAddress>", ptr %1, align 8, !dbg !11
  store %"Type<MemoryAddress>" %4, ptr @"Type<MemoryAddress>", align 8, !dbg !11
  br label %return, !dbg !11

return:                                           ; preds = %0
  ret void
}

define private void @initialize.2() !dbg !12 {
  %1 = alloca %"Type<I32>", align 8, !dbg !13
  %"Type<I32>.name" = getelementptr inbounds %"Type<I32>", ptr %1, i32 0, i32 0, !dbg !13
  %2 = call %String @string_from_c_string_and_length(ptr @2, i64 3), !dbg !14
  store %String %2, ptr %"Type<I32>.name", align 8, !dbg !14
  %"Type<I32>.size" = getelementptr inbounds %"Type<I32>", ptr %1, i32 0, i32 1, !dbg !14
  %3 = call %Integer @integer_from_i64(i64 4), !dbg !14
  store %Integer %3, ptr %"Type<I32>.size", align 8, !dbg !14
  %4 = load %"Type<I32>", ptr %1, align 8, !dbg !14
  store %"Type<I32>" %4, ptr @"Type<I32>", align 8, !dbg !14
  br label %return, !dbg !14

return:                                           ; preds = %0
  ret void
}

define private void @initialize.3() !dbg !15 {
  %1 = alloca %"Type<F64>", align 8, !dbg !16
  %"Type<F64>.name" = getelementptr inbounds %"Type<F64>", ptr %1, i32 0, i32 0, !dbg !16
  %2 = call %String @string_from_c_string_and_length(ptr @3, i64 3), !dbg !17
  store %String %2, ptr %"Type<F64>.name", align 8, !dbg !17
  %"Type<F64>.size" = getelementptr inbounds %"Type<F64>", ptr %1, i32 0, i32 1, !dbg !17
  %3 = call %Integer @integer_from_i64(i64 8), !dbg !17
  store %Integer %3, ptr %"Type<F64>.size", align 8, !dbg !17
  %4 = load %"Type<F64>", ptr %1, align 8, !dbg !17
  store %"Type<F64>" %4, ptr @"Type<F64>", align 8, !dbg !17
  br label %return, !dbg !17

return:                                           ; preds = %0
  ret void
}

define private void @initialize.4() !dbg !18 {
  %1 = alloca %"Type<Integer>", align 8, !dbg !19
  %"Type<Integer>.name" = getelementptr inbounds %"Type<Integer>", ptr %1, i32 0, i32 0, !dbg !19
  %2 = call %String @string_from_c_string_and_length(ptr @4, i64 7), !dbg !20
  store %String %2, ptr %"Type<Integer>.name", align 8, !dbg !20
  %"Type<Integer>.size" = getelementptr inbounds %"Type<Integer>", ptr %1, i32 0, i32 1, !dbg !20
  %3 = call %Integer @integer_from_i64(i64 8), !dbg !20
  store %Integer %3, ptr %"Type<Integer>.size", align 8, !dbg !20
  %4 = load %"Type<Integer>", ptr %1, align 8, !dbg !20
  store %"Type<Integer>" %4, ptr @"Type<Integer>", align 8, !dbg !20
  br label %return, !dbg !20

return:                                           ; preds = %0
  ret void
}

define private void @initialize.5() !dbg !21 {
  %1 = alloca %"Type<Array<Integer>>", align 8, !dbg !22
  %"Type<Array<Integer>>.name" = getelementptr inbounds %"Type<Array<Integer>>", ptr %1, i32 0, i32 0, !dbg !22
  %2 = call %String @string_from_c_string_and_length(ptr @5, i64 14), !dbg !23
  store %String %2, ptr %"Type<Array<Integer>>.name", align 8, !dbg !23
  %"Type<Array<Integer>>.size" = getelementptr inbounds %"Type<Array<Integer>>", ptr %1, i32 0, i32 1, !dbg !23
  %3 = call %Integer @integer_from_i64(i64 24), !dbg !23
  store %Integer %3, ptr %"Type<Array<Integer>>.size", align 8, !dbg !23
  %4 = load %"Type<Array<Integer>>", ptr %1, align 8, !dbg !23
  store %"Type<Array<Integer>>" %4, ptr @"Type<Array<Integer>>", align 8, !dbg !23
  br label %return, !dbg !23

return:                                           ; preds = %0
  ret void
}

define void @main.execute() !dbg !24 {
  call void @initialize(), !dbg !25
  call void @initialize.1(), !dbg !26
  call void @initialize.2(), !dbg !27
  call void @initialize.3(), !dbg !28
  call void @initialize.4(), !dbg !29
  call void @initialize.5(), !dbg !30
  %1 = call %String @string_from_c_string_and_length(ptr @6, i64 5), !dbg !31
  %2 = call %String @string_from_c_string_and_length(ptr @7, i64 1), !dbg !32
  %3 = call %String @string_plus_string(%String %1, %String %2), !dbg !32
  %4 = call %String @string_from_c_string_and_length(ptr @8, i64 6), !dbg !33
  %5 = call %String @string_plus_string(%String %3, %String %4), !dbg !33
  call void @"println <:String>"(%String %5), !dbg !33
  %6 = call %String @"String from <:None>"(), !dbg !34
  call void @"println <:String>"(%String %6), !dbg !34
  %7 = call %String @"String from <:Bool>"(i1 false), !dbg !35
  call void @"println <:String>"(%String %7), !dbg !35
  %8 = call %String @"String from <:Bool>"(i1 true), !dbg !36
  call void @"println <:String>"(%String %8), !dbg !36
  %9 = call %Integer @integer_from_i64(i64 0), !dbg !37
  %10 = call %String @integer_as_string(%Integer %9), !dbg !37
  call void @"println <:String>"(%String %10), !dbg !37
  %11 = call %Rational @rational_from_c_string(ptr @9), !dbg !38
  %12 = call %String @rational_as_string(%Rational %11), !dbg !38
  call void @"println <:String>"(%String %12), !dbg !38
  %13 = load %"Type<Integer>", ptr @"Type<Integer>", align 8, !dbg !29
  %14 = call %String @"String from <:Type<Integer>>"(%"Type<Integer>" %13), !dbg !29
  call void @"println <:String>"(%String %14), !dbg !29
  %15 = load %"Type<Array<Integer>>", ptr @"Type<Array<Integer>>", align 8, !dbg !30
  %16 = call %String @"String from <:Type<Array<Integer>>>"(%"Type<Array<Integer>>" %15), !dbg !30
  call void @"println <:String>"(%String %16), !dbg !30
  br label %return, !dbg !30

return:                                           ; preds = %0
  ret void
}

declare void @"println <:String>"(%String)

declare %String @string_plus_string(%String, %String)

declare %String @"String from <:None>"()

declare %String @"String from <:Bool>"(i1)

declare %String @integer_as_string(%Integer)

declare %String @rational_as_string(%Rational)

declare %Rational @rational_from_c_string(ptr)

define private %String @"String from <:Type<Integer>>"(%"Type<Integer>" %0) !dbg !39 {
  %return_value = alloca %String, align 8
  %ty = alloca %"Type<Integer>", align 8
  store %"Type<Integer>" %0, ptr %ty, align 8
  %name = getelementptr inbounds %"Type<Integer>", ptr %ty, i32 0, i32 0, !dbg !40
  %2 = call %String @clone_string(ptr %name), !dbg !40
  %"$tmp@4514" = alloca %String, align 8, !dbg !40
  store %String %2, ptr %"$tmp@4514", align 8, !dbg !40
  %3 = load %String, ptr %"$tmp@4514", align 8, !dbg !40
  store %String %3, ptr %return_value, align 8, !dbg !40
  br label %return, !dbg !40

return:                                           ; preds = %1
  %4 = load %String, ptr %return_value, align 8
  ret %String %4
}

declare %String @clone_string(ptr)

define private %String @"String from <:Type<Array<Integer>>>"(%"Type<Array<Integer>>" %0) !dbg !41 {
  %return_value = alloca %String, align 8
  %ty = alloca %"Type<Array<Integer>>", align 8
  store %"Type<Array<Integer>>" %0, ptr %ty, align 8
  %name = getelementptr inbounds %"Type<Array<Integer>>", ptr %ty, i32 0, i32 0, !dbg !42
  %2 = call %String @clone_string(ptr %name), !dbg !42
  %"$tmp@4514" = alloca %String, align 8, !dbg !42
  store %String %2, ptr %"$tmp@4514", align 8, !dbg !42
  %3 = load %String, ptr %"$tmp@4514", align 8, !dbg !42
  store %String %3, ptr %return_value, align 8, !dbg !42
  br label %return, !dbg !42

return:                                           ; preds = %1
  %4 = load %String, ptr %return_value, align 8
  ret %String %4
}

!llvm.module.flags = !{!0}
!llvm.dbg.cu = !{!1}

!0 = !{i32 2, !"Debug Info Version", i32 3}
!1 = distinct !DICompileUnit(language: DW_LANG_C, file: !2, producer: "ppl", isOptimized: false, runtimeVersion: 0, emissionKind: FullDebug, splitDebugInlining: false, sysroot: "/")
!2 = !DIFile(filename: "src/main.ppl", directory: ".")
!3 = distinct !DISubprogram(name: "initialize", linkageName: "initialize", scope: !2, file: !2, line: 4, type: !4, spFlags: DISPFlagDefinition, unit: !1)
!4 = !DISubroutineType(types: !5)
!5 = !{!6}
!6 = !DIBasicType(name: "i32", size: 32, encoding: DW_ATE_signed)
!7 = !DILocation(line: 4, column: 20, scope: !3)
!8 = !DILocation(line: 0, scope: !3)
!9 = distinct !DISubprogram(name: "initialize.1", linkageName: "initialize.1", scope: !2, file: !2, line: 7, type: !4, spFlags: DISPFlagDefinition, unit: !1)
!10 = !DILocation(line: 7, column: 36, scope: !9)
!11 = !DILocation(line: 0, scope: !9)
!12 = distinct !DISubprogram(name: "initialize.2", linkageName: "initialize.2", scope: !2, file: !2, line: 2, type: !4, spFlags: DISPFlagDefinition, unit: !1)
!13 = !DILocation(line: 2, column: 3, scope: !12)
!14 = !DILocation(line: 0, scope: !12)
!15 = distinct !DISubprogram(name: "initialize.3", linkageName: "initialize.3", scope: !2, file: !2, line: 1, type: !4, spFlags: DISPFlagDefinition, unit: !1)
!16 = !DILocation(line: 1, column: 25, scope: !15)
!17 = !DILocation(line: 0, scope: !15)
!18 = distinct !DISubprogram(name: "initialize.4", linkageName: "initialize.4", scope: !2, file: !2, line: 6, type: !4, spFlags: DISPFlagDefinition, unit: !1)
!19 = !DILocation(line: 6, column: 21, scope: !18)
!20 = !DILocation(line: 0, scope: !18)
!21 = distinct !DISubprogram(name: "initialize.5", linkageName: "initialize.5", scope: !2, file: !2, line: 7, type: !4, spFlags: DISPFlagDefinition, unit: !1)
!22 = !DILocation(line: 7, column: 21, scope: !21)
!23 = !DILocation(line: 0, scope: !21)
!24 = distinct !DISubprogram(name: "main.execute", linkageName: "main.execute", scope: !2, file: !2, type: !4, spFlags: DISPFlagDefinition, unit: !1)
!25 = !DILocation(line: 4, column: 20, scope: !24)
!26 = !DILocation(line: 7, column: 36, scope: !24)
!27 = !DILocation(line: 2, column: 3, scope: !24)
!28 = !DILocation(line: 1, column: 25, scope: !24)
!29 = !DILocation(line: 6, column: 21, scope: !24)
!30 = !DILocation(line: 7, column: 21, scope: !24)
!31 = !DILocation(line: 0, column: 8, scope: !24)
!32 = !DILocation(line: 0, column: 18, scope: !24)
!33 = !DILocation(line: 0, column: 24, scope: !24)
!34 = !DILocation(line: 1, column: 21, scope: !24)
!35 = !DILocation(line: 2, column: 21, scope: !24)
!36 = !DILocation(line: 3, column: 21, scope: !24)
!37 = !DILocation(line: 4, column: 21, scope: !24)
!38 = !DILocation(line: 5, column: 21, scope: !24)
!39 = distinct !DISubprogram(name: "String from <:Type<Integer>>", linkageName: "String from <:Type<Integer>>", scope: !24, file: !2, line: 7, type: !4, spFlags: DISPFlagDefinition, unit: !1)
!40 = !DILocation(line: 7, column: 36, scope: !39)
!41 = distinct !DISubprogram(name: "String from <:Type<Array<Integer>>>", linkageName: "String from <:Type<Array<Integer>>>", scope: !24, file: !2, line: 7, type: !4, spFlags: DISPFlagDefinition, unit: !1)
!42 = !DILocation(line: 7, column: 36, scope: !41)
