---
source: src/tests/mod.rs
expression: hir
---
type Destructible

fn destroy <:Destructible> -> None:
	let $tmp0@57: String = "destructor"
	let $tmp1@49: None = println ($tmp0@57:String)
	destroy ($tmp0@57:String)
	return ($tmp1@49:None)

let mut x: Destructible = Destructible {  }
destroy (x:Destructible)
(x:Destructible) = Destructible {  }
let $tmp0@128: String = "done"
let $tmp1@120: None = println ($tmp0@128:String)
$tmp1@120
destroy (x:Destructible)
destroy ($tmp0@128:String)
