---
source: src/tests/mod.rs
expression: hir
---
trait Foo:
	fn foo <$arg0: Self> -> None

trait Bar:
	fn bar <$arg0: Self> -> None

trait FooBar:


fn foo <$arg0: None> -> None:
	let $tmp@99: None = print "foo"
	return ($tmp@99:None)


fn bar <$arg0: None> -> None:
	let $tmp@129: None = println "bar"
	return ($tmp@129:None)


fn<T: FooBar> foobar <x: T> -> None:
	foo (x:T)
	bar (x:T)

foobar none

==MONOMORPHIZED==


fn foo <$arg0: None> -> None:
	return print "foo"


fn bar <$arg0: None> -> None:
	return println "bar"


fn<None> foobar <x: None> -> None:
	foo (x:None)
	bar (x:None)
