---
source: src/tests/mod.rs
expression: hir
---
let mut x: Integer = 1
let y: ReferenceMut<Integer> = `reference to mutable <:ReferenceMut<Integer>>`((&x:ReferenceMut<Integer>))
`println <:Integer>`(`clone <:Reference<Integer>>`((*y:Integer)))
(y:ReferenceMut<Integer>) = 2
`println <:Integer>`(`clone <:Reference<Integer>>`((*y:Integer)))
`println <:Integer>`(`clone <:Reference<Integer>>`((x:Integer)))
`destroy <:ReferenceMut<Integer>>`((x:Integer))

==MONOMORPHIZED==


fn<Integer> reference to mutable <ref: ReferenceMut<Integer>> -> ReferenceMut<Integer>:
	return (ref:ReferenceMut<Integer>)


@mangle_as("integer_as_string")
fn String from <$arg0: Integer> -> String

fn println <x: Integer> -> None:
	let $tmp@185: String = `String from <:Integer>`((copy x:Integer))
	let $tmp@176: None = `println <:Reference<String>>`((&$tmp@185:Reference<String>))
	return ($tmp@176:None)



@mangle_as("integer_as_string")
fn String from <$arg0: Integer> -> String

fn println <x: Integer> -> None:
	let $tmp@185: String = `String from <:Integer>`((copy x:Integer))
	let $tmp@176: None = `println <:Reference<String>>`((&$tmp@185:Reference<String>))
	return ($tmp@176:None)



@mangle_as("integer_as_string")
fn String from <$arg0: Integer> -> String

fn println <x: Integer> -> None:
	let $tmp@185: String = `String from <:Integer>`((copy x:Integer))
	let $tmp@176: None = `println <:Reference<String>>`((&$tmp@185:Reference<String>))
	return ($tmp@176:None)
