---
source: src/tests/mod.rs
expression: hir
---
type Point:
	x: Integer
	y: Integer


fn x of <p: Reference<Point>> -> Integer:
	return (*p:Point).x

let $tmp0@91: Integer = 1
let $tmp1@97: Integer = 2
let $tmp2@80: Point = Point { x: ($tmp0@91:Integer), y: ($tmp1@97:Integer) }
let $tmp3@80: Reference<Point> = (&$tmp2@80:Reference<Point>)
let $tmp4@75: Integer = x of ($tmp3@80:Reference<Point>)
println ($tmp4@75:Integer)
