---
source: src/tests/mod.rs
expression: hir
---
use utils.*
println do nothing
println do something

==MONOMORPHIZED==


fn String from <$arg0: None> -> String:
	let $tmp@737: String = "none"
	return ($tmp@737:String)


fn<None> println <x: None> -> None:
	let $tmp@314: None = println String from (x:None)
	return ($tmp@314:None)


@mangle_as("integer_as_string")
fn String from <:Integer> -> String

fn<Integer> println <x: Integer> -> None:
	let $tmp@314: None = println String from (x:Integer)
	return ($tmp@314:None)
