---
source: src/tests/mod.rs
expression: ir
---
; ModuleID = 'main'
source_filename = "src/main.ppl"

%"Type<String>" = type { %String, %Integer }
%String = type { ptr }
%Integer = type { ptr }
%"Type<Integer>" = type { %String, %Integer }
%"Array<Integer>" = type { %Integer, %Integer, %MemoryAddress }
%MemoryAddress = type { %Integer }

@"Type<String>" = private global %"Type<String>" zeroinitializer
@0 = private unnamed_addr constant [7 x i8] c"String\00", align 1
@"Type<Integer>" = private global %"Type<Integer>" zeroinitializer
@1 = private unnamed_addr constant [8 x i8] c"Integer\00", align 1
@arr = global %"Array<Integer>" zeroinitializer
@2 = private unnamed_addr constant [2 x i8] c"[\00", align 1
@3 = private unnamed_addr constant [3 x i8] c", \00", align 1
@4 = private unnamed_addr constant [2 x i8] c"]\00", align 1
@5 = private unnamed_addr constant [6 x i8] c"Empty\00", align 1
@6 = private unnamed_addr constant [10 x i8] c"Not empty\00", align 1
@i = global %Integer zeroinitializer

define private void @initialize() !dbg !3 {
  %1 = alloca %"Type<String>", align 8, !dbg !7
  %"Type<String>.name" = getelementptr inbounds %"Type<String>", ptr %1, i32 0, i32 0, !dbg !7
  %2 = call %String @string_from_c_string_and_length(ptr @0, i64 6), !dbg !8
  store %String %2, ptr %"Type<String>.name", align 8, !dbg !8
  %"Type<String>.size" = getelementptr inbounds %"Type<String>", ptr %1, i32 0, i32 1, !dbg !8
  %3 = call %Integer @integer_from_i64(i64 8), !dbg !8
  store %Integer %3, ptr %"Type<String>.size", align 8, !dbg !8
  %4 = load %"Type<String>", ptr %1, align 8, !dbg !8
  store %"Type<String>" %4, ptr @"Type<String>", align 8, !dbg !8
  br label %return, !dbg !8

return:                                           ; preds = %0
  ret void
}

declare %String @string_from_c_string_and_length(ptr, i64)

declare %Integer @integer_from_i64(i64)

define private void @initialize.1() !dbg !9 {
  %1 = alloca %"Type<Integer>", align 8, !dbg !10
  %"Type<Integer>.name" = getelementptr inbounds %"Type<Integer>", ptr %1, i32 0, i32 0, !dbg !10
  %2 = call %String @string_from_c_string_and_length(ptr @1, i64 7), !dbg !11
  store %String %2, ptr %"Type<Integer>.name", align 8, !dbg !11
  %"Type<Integer>.size" = getelementptr inbounds %"Type<Integer>", ptr %1, i32 0, i32 1, !dbg !11
  %3 = call %Integer @integer_from_i64(i64 8), !dbg !11
  store %Integer %3, ptr %"Type<Integer>.size", align 8, !dbg !11
  %4 = load %"Type<Integer>", ptr %1, align 8, !dbg !11
  store %"Type<Integer>" %4, ptr @"Type<Integer>", align 8, !dbg !11
  br label %return, !dbg !11

return:                                           ; preds = %0
  ret void
}

define void @main.execute() !dbg !12 {
  call void @initialize(), !dbg !13
  call void @initialize.1(), !dbg !14
  call void @initialize.2(), !dbg !14
  %1 = load %"Array<Integer>", ptr @arr, align 8, !dbg !15
  call void @"println <:Array<Integer>>"(%"Array<Integer>" %1), !dbg !15
  br label %if.condition, !dbg !16

if.condition:                                     ; preds = %0
  %2 = call i1 @"<:Reference<Array<Integer>>> is empty"(ptr @arr), !dbg !17
  br i1 %2, label %if.body, label %4, !dbg !17

if.body:                                          ; preds = %if.condition
  %3 = call %String @string_from_c_string_and_length(ptr @5, i64 5), !dbg !16
  call void @"println <:String>"(%String %3), !dbg !16
  br label %4, !dbg !16

return:                                           ; preds = %19
  ret void

4:                                                ; preds = %if.condition, %if.body
  %5 = call %Integer @integer_from_i64(i64 1), !dbg !18
  call void @"push <:Integer> to <:ReferenceMut<Array<Integer>>>"(%Integer %5, ptr @arr), !dbg !19
  %6 = load %"Array<Integer>", ptr @arr, align 8, !dbg !20
  call void @"println <:Array<Integer>>"(%"Array<Integer>" %6), !dbg !20
  br label %if.condition2, !dbg !21

if.condition2:                                    ; preds = %4
  %7 = call i1 @"<:Reference<Array<Integer>>> is not empty"(ptr @arr), !dbg !22
  br i1 %7, label %if.body1, label %9, !dbg !22

if.body1:                                         ; preds = %if.condition2
  %8 = call %String @string_from_c_string_and_length(ptr @6, i64 9), !dbg !21
  call void @"println <:String>"(%String %8), !dbg !21
  br label %9, !dbg !21

9:                                                ; preds = %if.condition2, %if.body1
  %10 = call %Integer @integer_from_i64(i64 0), !dbg !23
  %11 = call ptr @"<:Reference<Array<Integer>>> [ <:Integer> ]"(ptr @arr, %Integer %10), !dbg !23
  %12 = call %Integer @clone_integer(ptr %11), !dbg !23
  call void @"println <:Integer>"(%Integer %12), !dbg !23
  call void @initialize.3(), !dbg !24
  br label %while.condition, !dbg !24

while.condition:                                  ; preds = %while.body, %9
  %13 = call %Integer @clone_integer(ptr @i), !dbg !25
  %14 = call %Integer @integer_from_i64(i64 10), !dbg !26
  %15 = call i1 @"<:Integer> <= <:Integer>"(%Integer %13, %Integer %14), !dbg !26
  br i1 %15, label %while.body, label %19, !dbg !26

while.body:                                       ; preds = %while.condition
  %16 = call %Integer @clone_integer(ptr @i), !dbg !27
  call void @"push <:Integer> to <:ReferenceMut<Array<Integer>>>"(%Integer %16, ptr @arr), !dbg !28
  %17 = call %Integer @integer_from_i64(i64 1), !dbg !29
  call void @"<:ReferenceMut<Integer>> += <:Integer>"(ptr @i, %Integer %17), !dbg !29
  %18 = load %"Array<Integer>", ptr @arr, align 8, !dbg !30
  call void @"println <:Array<Integer>>"(%"Array<Integer>" %18), !dbg !30
  br label %while.condition, !dbg !30

19:                                               ; preds = %while.condition
  call void @destroy_integer(ptr @i), !dbg !31
  br label %return, !dbg !31
}

define private void @initialize.2() !dbg !32 {
  %1 = load %"Type<Integer>", ptr @"Type<Integer>", align 8, !dbg !33
  %2 = call %"Array<Integer>" @"<:Type<Integer>> [ ]"(%"Type<Integer>" %1), !dbg !33
  store %"Array<Integer>" %2, ptr @arr, align 8, !dbg !33
  br label %return, !dbg !33

return:                                           ; preds = %0
  ret void
}

define private %"Array<Integer>" @"<:Type<Integer>> [ ]"(%"Type<Integer>" %0) !dbg !34 {
  %return_value = alloca %"Array<Integer>", align 8
  %"$arg0" = alloca %"Type<Integer>", align 8
  store %"Type<Integer>" %0, ptr %"$arg0", align 8
  %2 = call %Integer @integer_from_i64(i64 8), !dbg !35
  %capacity = alloca %Integer, align 8, !dbg !35
  store %Integer %2, ptr %capacity, align 8, !dbg !35
  %3 = call %Integer @clone_integer(ptr %capacity), !dbg !36
  %4 = load %"Type<Integer>", ptr @"Type<Integer>", align 8, !dbg !36
  %5 = call %MemoryAddress @"allocate <:Integer> <:Type<Integer>>"(%Integer %3, %"Type<Integer>" %4), !dbg !36
  %data = alloca %MemoryAddress, align 8, !dbg !36
  store %MemoryAddress %5, ptr %data, align 8, !dbg !36
  %6 = alloca %"Array<Integer>", align 8, !dbg !36
  %"Array<Integer>.size" = getelementptr inbounds %"Array<Integer>", ptr %6, i32 0, i32 0, !dbg !36
  %7 = call %Integer @integer_from_i64(i64 0), !dbg !36
  store %Integer %7, ptr %"Array<Integer>.size", align 8, !dbg !36
  %"Array<Integer>.capacity" = getelementptr inbounds %"Array<Integer>", ptr %6, i32 0, i32 1, !dbg !36
  %8 = call %Integer @clone_integer(ptr %capacity), !dbg !36
  store %Integer %8, ptr %"Array<Integer>.capacity", align 8, !dbg !36
  %"Array<Integer>.data" = getelementptr inbounds %"Array<Integer>", ptr %6, i32 0, i32 2, !dbg !36
  %9 = load %MemoryAddress, ptr %data, align 8, !dbg !36
  store %MemoryAddress %9, ptr %"Array<Integer>.data", align 8, !dbg !36
  %10 = load %"Array<Integer>", ptr %6, align 8, !dbg !36
  %"$tmp@260" = alloca %"Array<Integer>", align 8, !dbg !36
  store %"Array<Integer>" %10, ptr %"$tmp@260", align 8, !dbg !36
  call void @destroy_integer(ptr %capacity), !dbg !37
  %11 = load %"Array<Integer>", ptr %"$tmp@260", align 8, !dbg !36
  store %"Array<Integer>" %11, ptr %return_value, align 8, !dbg !36
  br label %return, !dbg !36

return:                                           ; preds = %1
  %12 = load %"Array<Integer>", ptr %return_value, align 8
  ret %"Array<Integer>" %12
}

define private %MemoryAddress @"allocate <:Integer> <:Type<Integer>>"(%Integer %0, %"Type<Integer>" %1) !dbg !38 {
  %return_value = alloca %MemoryAddress, align 8
  %n = alloca %Integer, align 8
  store %Integer %0, ptr %n, align 8
  %"$arg1" = alloca %"Type<Integer>", align 8
  store %"Type<Integer>" %1, ptr %"$arg1", align 8
  %3 = call %Integer @clone_integer(ptr %n), !dbg !39
  %4 = load %"Type<Integer>", ptr @"Type<Integer>", align 8, !dbg !39
  %5 = call %Integer @"size of <:Type<Integer>>"(%"Type<Integer>" %4), !dbg !39
  %6 = call %Integer @integer_star_integer(%Integer %3, %Integer %5), !dbg !39
  %7 = call %MemoryAddress @allocate_n_bytes(%Integer %6), !dbg !39
  %"$tmp@760" = alloca %MemoryAddress, align 8, !dbg !39
  store %MemoryAddress %7, ptr %"$tmp@760", align 8, !dbg !39
  call void @destroy_integer(ptr %n), !dbg !39
  %8 = load %MemoryAddress, ptr %"$tmp@760", align 8, !dbg !39
  store %MemoryAddress %8, ptr %return_value, align 8, !dbg !39
  br label %return, !dbg !39

return:                                           ; preds = %2
  %9 = load %MemoryAddress, ptr %return_value, align 8
  ret %MemoryAddress %9
}

declare %MemoryAddress @allocate_n_bytes(%Integer)

declare %Integer @integer_star_integer(%Integer, %Integer)

declare %Integer @clone_integer(ptr)

define private %Integer @"size of <:Type<Integer>>"(%"Type<Integer>" %0) !dbg !40 {
  %return_value = alloca %Integer, align 8
  %ty = alloca %"Type<Integer>", align 8
  store %"Type<Integer>" %0, ptr %ty, align 8
  %size = getelementptr inbounds %"Type<Integer>", ptr %ty, i32 0, i32 1, !dbg !41
  %2 = call %Integer @clone_integer(ptr %size), !dbg !41
  %"$tmp@4399" = alloca %Integer, align 8, !dbg !41
  store %Integer %2, ptr %"$tmp@4399", align 8, !dbg !41
  %3 = load %Integer, ptr %"$tmp@4399", align 8, !dbg !41
  store %Integer %3, ptr %return_value, align 8, !dbg !41
  br label %return, !dbg !41

return:                                           ; preds = %1
  %4 = load %Integer, ptr %return_value, align 8
  ret %Integer %4
}

declare void @destroy_integer(ptr)

define private void @"println <:Array<Integer>>"(%"Array<Integer>" %0) !dbg !42 {
  %x = alloca %"Array<Integer>", align 8
  store %"Array<Integer>" %0, ptr %x, align 8
  %2 = load %"Array<Integer>", ptr %x, align 8, !dbg !43
  %3 = call %String @"String from <:Array<Integer>>"(%"Array<Integer>" %2), !dbg !43
  call void @"println <:String>"(%String %3), !dbg !43
  br label %return, !dbg !44

return:                                           ; preds = %1
  ret void
}

declare void @"println <:String>"(%String)

define private %String @"String from <:Array<Integer>>"(%"Array<Integer>" %0) !dbg !45 {
  %return_value = alloca %String, align 8
  %array = alloca %"Array<Integer>", align 8
  store %"Array<Integer>" %0, ptr %array, align 8
  %2 = call %String @string_from_c_string_and_length(ptr @2, i64 1), !dbg !46
  %str = alloca %String, align 8, !dbg !46
  store %String %2, ptr %str, align 8, !dbg !46
  br label %if.condition, !dbg !46

if.condition:                                     ; preds = %1
  %3 = call i1 @"<:Reference<Array<Integer>>> is not empty"(ptr %array), !dbg !46
  br i1 %3, label %if.body, label %10, !dbg !46

if.body:                                          ; preds = %if.condition
  %4 = call %Integer @integer_from_i64(i64 0), !dbg !46
  %5 = call ptr @"<:Reference<Array<Integer>>> [ <:Integer> ]"(ptr %array, %Integer %4), !dbg !46
  %6 = load %Integer, ptr %5, align 8, !dbg !46
  %7 = call %String @integer_as_string(%Integer %6), !dbg !46
  call void @"<:ReferenceMut<String>> += <:String>"(ptr %str, %String %7), !dbg !46
  %8 = call %Integer @integer_from_i64(i64 1), !dbg !46
  %i = alloca %Integer, align 8, !dbg !46
  store %Integer %8, ptr %i, align 8, !dbg !46
  br label %while.condition, !dbg !46

return:                                           ; preds = %10
  %9 = load %String, ptr %return_value, align 8
  ret %String %9

10:                                               ; preds = %if.condition, %23
  %11 = call %String @string_from_c_string_and_length(ptr @4, i64 1), !dbg !46
  call void @"<:ReferenceMut<String>> += <:String>"(ptr %str, %String %11), !dbg !46
  %12 = call %String @clone_string(ptr %str), !dbg !46
  %"$tmp@1530" = alloca %String, align 8, !dbg !46
  store %String %12, ptr %"$tmp@1530", align 8, !dbg !46
  call void @destroy_string(ptr %str), !dbg !46
  %13 = load %String, ptr %"$tmp@1530", align 8, !dbg !46
  store %String %13, ptr %return_value, align 8, !dbg !46
  br label %return, !dbg !46

while.condition:                                  ; preds = %while.body, %if.body
  %14 = call %Integer @clone_integer(ptr %i), !dbg !46
  %size = getelementptr inbounds %"Array<Integer>", ptr %array, i32 0, i32 0, !dbg !46
  %15 = call %Integer @clone_integer(ptr %size), !dbg !46
  %16 = call i1 @integer_less_integer(%Integer %14, %Integer %15), !dbg !46
  br i1 %16, label %while.body, label %23, !dbg !46

while.body:                                       ; preds = %while.condition
  %17 = call %String @string_from_c_string_and_length(ptr @3, i64 2), !dbg !46
  call void @"<:ReferenceMut<String>> += <:String>"(ptr %str, %String %17), !dbg !46
  %18 = call %Integer @clone_integer(ptr %i), !dbg !46
  %19 = call ptr @"<:Reference<Array<Integer>>> [ <:Integer> ]"(ptr %array, %Integer %18), !dbg !46
  %20 = load %Integer, ptr %19, align 8, !dbg !46
  %21 = call %String @integer_as_string(%Integer %20), !dbg !46
  call void @"<:ReferenceMut<String>> += <:String>"(ptr %str, %String %21), !dbg !46
  %22 = call %Integer @integer_from_i64(i64 1), !dbg !46
  call void @"<:ReferenceMut<Integer>> += <:Integer>"(ptr %i, %Integer %22), !dbg !46
  br label %while.condition, !dbg !46

23:                                               ; preds = %while.condition
  call void @destroy_integer(ptr %i), !dbg !46
  br label %10, !dbg !46
}

define private void @"<:ReferenceMut<String>> += <:String>"(ptr %0, %String %1) !dbg !47 {
  %self = alloca ptr, align 8
  store ptr %0, ptr %self, align 8
  %other = alloca %String, align 8
  store %String %1, ptr %other, align 8
  %3 = load ptr, ptr %self, align 8, !dbg !48
  %4 = load ptr, ptr %self, align 8, !dbg !48
  %5 = load %String, ptr %4, align 8, !dbg !48
  %6 = load %String, ptr %other, align 8, !dbg !48
  %7 = call %String @string_plus_string(%String %5, %String %6), !dbg !48
  store %String %7, ptr %3, align 8, !dbg !48
  br label %return, !dbg !48

return:                                           ; preds = %2
  ret void
}

declare %String @string_plus_string(%String, %String)

declare %String @integer_as_string(%Integer)

define private ptr @"<:Reference<Array<Integer>>> [ <:Integer> ]"(ptr %0, %Integer %1) !dbg !49 {
  %return_value = alloca ptr, align 8
  %array = alloca ptr, align 8
  store ptr %0, ptr %array, align 8
  %i = alloca %Integer, align 8
  store %Integer %1, ptr %i, align 8
  %3 = load ptr, ptr %array, align 8, !dbg !50
  %data = getelementptr inbounds %"Array<Integer>", ptr %3, i32 0, i32 2, !dbg !50
  %4 = load %MemoryAddress, ptr %data, align 8, !dbg !50
  %5 = load %Integer, ptr %i, align 8, !dbg !50
  %6 = load %"Type<Integer>", ptr @"Type<Integer>", align 8, !dbg !50
  %7 = call %Integer @"size of <:Type<Integer>>"(%"Type<Integer>" %6), !dbg !50
  %8 = call %Integer @integer_star_integer(%Integer %5, %Integer %7), !dbg !50
  %9 = call %MemoryAddress @"<:MemoryAddress> + <:Integer>"(%MemoryAddress %4, %Integer %8), !dbg !50
  %address = alloca %MemoryAddress, align 8, !dbg !50
  store %MemoryAddress %9, ptr %address, align 8, !dbg !50
  %10 = load %"Type<Integer>", ptr @"Type<Integer>", align 8, !dbg !50
  %11 = call ptr @read_memory(%"Type<Integer>" %10, ptr %address), !dbg !50
  store ptr %11, ptr %return_value, align 8, !dbg !50
  br label %return, !dbg !50

return:                                           ; preds = %2
  %12 = load ptr, ptr %return_value, align 8
  ret ptr %12
}

declare %MemoryAddress @"<:MemoryAddress> + <:Integer>"(%MemoryAddress, %Integer)

declare ptr @read_memory(%"Type<Integer>", ptr)

define private void @"<:ReferenceMut<Integer>> += <:Integer>"(ptr %0, %Integer %1) !dbg !51 {
  %self = alloca ptr, align 8
  store ptr %0, ptr %self, align 8
  %other = alloca %Integer, align 8
  store %Integer %1, ptr %other, align 8
  %3 = load ptr, ptr %self, align 8, !dbg !52
  %4 = load ptr, ptr %self, align 8, !dbg !52
  %5 = load %Integer, ptr %4, align 8, !dbg !52
  %6 = load %Integer, ptr %other, align 8, !dbg !52
  %7 = call %Integer @integer_plus_integer(%Integer %5, %Integer %6), !dbg !52
  store %Integer %7, ptr %3, align 8, !dbg !52
  br label %return, !dbg !52

return:                                           ; preds = %2
  ret void
}

declare %Integer @integer_plus_integer(%Integer, %Integer)

declare i1 @integer_less_integer(%Integer, %Integer)

define private i1 @"<:Reference<Array<Integer>>> is not empty"(ptr %0) !dbg !53 {
  %return_value = alloca i1, align 1
  %array = alloca ptr, align 8
  store ptr %0, ptr %array, align 8
  %2 = load ptr, ptr %array, align 8, !dbg !54
  %size = getelementptr inbounds %"Array<Integer>", ptr %2, i32 0, i32 0, !dbg !54
  %3 = load %Integer, ptr %size, align 8, !dbg !54
  %4 = call %Integer @integer_from_i64(i64 0), !dbg !54
  %5 = call i1 @"<:Integer> > <:Integer>"(%Integer %3, %Integer %4), !dbg !54
  store i1 %5, ptr %return_value, align 1, !dbg !54
  br label %return, !dbg !54

return:                                           ; preds = %1
  %6 = load i1, ptr %return_value, align 1
  ret i1 %6
}

define private i1 @"<:Integer> > <:Integer>"(%Integer %0, %Integer %1) !dbg !55 {
  %return_value = alloca i1, align 1
  %x = alloca %Integer, align 8
  store %Integer %0, ptr %x, align 8
  %y = alloca %Integer, align 8
  store %Integer %1, ptr %y, align 8
  %3 = load %Integer, ptr %y, align 8, !dbg !56
  %4 = load %Integer, ptr %x, align 8, !dbg !56
  %5 = call i1 @integer_less_integer(%Integer %3, %Integer %4), !dbg !56
  %"$tmp@1032" = alloca i1, align 1, !dbg !56
  store i1 %5, ptr %"$tmp@1032", align 1, !dbg !56
  %6 = load i1, ptr %"$tmp@1032", align 1, !dbg !56
  store i1 %6, ptr %return_value, align 1, !dbg !56
  br label %return, !dbg !56

return:                                           ; preds = %2
  %7 = load i1, ptr %return_value, align 1
  ret i1 %7
}

declare %String @clone_string(ptr)

declare void @destroy_string(ptr)

define private i1 @"<:Reference<Array<Integer>>> is empty"(ptr %0) !dbg !57 {
  %return_value = alloca i1, align 1
  %array = alloca ptr, align 8
  store ptr %0, ptr %array, align 8
  %2 = load ptr, ptr %array, align 8, !dbg !58
  %size = getelementptr inbounds %"Array<Integer>", ptr %2, i32 0, i32 0, !dbg !58
  %3 = call %Integer @clone_integer(ptr %size), !dbg !58
  %4 = call %Integer @integer_from_i64(i64 0), !dbg !58
  %5 = call i1 @integer_eq_integer(%Integer %3, %Integer %4), !dbg !58
  %"$tmp@1206" = alloca i1, align 1, !dbg !58
  store i1 %5, ptr %"$tmp@1206", align 1, !dbg !58
  %6 = load i1, ptr %"$tmp@1206", align 1, !dbg !58
  store i1 %6, ptr %return_value, align 1, !dbg !58
  br label %return, !dbg !58

return:                                           ; preds = %1
  %7 = load i1, ptr %return_value, align 1
  ret i1 %7
}

declare i1 @integer_eq_integer(%Integer, %Integer)

define private void @"push <:Integer> to <:ReferenceMut<Array<Integer>>>"(%Integer %0, ptr %1) !dbg !59 {
  %x = alloca %Integer, align 8
  store %Integer %0, ptr %x, align 8
  %array = alloca ptr, align 8
  store ptr %1, ptr %array, align 8
  %3 = load %"Type<Integer>", ptr @"Type<Integer>", align 8, !dbg !60
  %4 = call %Integer @"size of <:Type<Integer>>"(%"Type<Integer>" %3), !dbg !60
  %bytes = alloca %Integer, align 8, !dbg !60
  store %Integer %4, ptr %bytes, align 8, !dbg !60
  br label %if.condition, !dbg !60

if.condition:                                     ; preds = %2
  %5 = load ptr, ptr %array, align 8, !dbg !60
  %size5 = getelementptr inbounds %"Array<Integer>", ptr %5, i32 0, i32 0, !dbg !60
  %6 = call %Integer @clone_integer(ptr %size5), !dbg !60
  %7 = load ptr, ptr %array, align 8, !dbg !60
  %capacity6 = getelementptr inbounds %"Array<Integer>", ptr %7, i32 0, i32 1, !dbg !60
  %8 = call %Integer @clone_integer(ptr %capacity6), !dbg !60
  %9 = call i1 @integer_eq_integer(%Integer %6, %Integer %8), !dbg !60
  br i1 %9, label %if.body, label %18, !dbg !60

if.body:                                          ; preds = %if.condition
  %10 = load ptr, ptr %array, align 8, !dbg !60
  %capacity = getelementptr inbounds %"Array<Integer>", ptr %10, i32 0, i32 1, !dbg !60
  %11 = call %Integer @clone_integer(ptr %capacity), !dbg !60
  %12 = call %Integer @integer_from_i64(i64 2), !dbg !60
  %13 = call %Integer @integer_star_integer(%Integer %11, %Integer %12), !dbg !60
  %new_capacity = alloca %Integer, align 8, !dbg !60
  store %Integer %13, ptr %new_capacity, align 8, !dbg !60
  %14 = call %Integer @clone_integer(ptr %new_capacity), !dbg !60
  %15 = load %"Type<Integer>", ptr @"Type<Integer>", align 8, !dbg !60
  %16 = call %MemoryAddress @"allocate <:Integer> <:Type<Integer>>"(%Integer %14, %"Type<Integer>" %15), !dbg !60
  %new_data = alloca %MemoryAddress, align 8, !dbg !60
  store %MemoryAddress %16, ptr %new_data, align 8, !dbg !60
  %17 = call %Integer @integer_from_i64(i64 0), !dbg !60
  %i = alloca %Integer, align 8, !dbg !60
  store %Integer %17, ptr %i, align 8, !dbg !60
  br label %while.condition, !dbg !60

return:                                           ; preds = %18
  ret void

18:                                               ; preds = %if.condition, %44
  %19 = call %MemoryAddress @address_of(ptr %x), !dbg !60
  %"$tmp@1100" = alloca %MemoryAddress, align 8, !dbg !60
  store %MemoryAddress %19, ptr %"$tmp@1100", align 8, !dbg !60
  %20 = load ptr, ptr %array, align 8, !dbg !60
  %data7 = getelementptr inbounds %"Array<Integer>", ptr %20, i32 0, i32 2, !dbg !60
  %21 = load %MemoryAddress, ptr %data7, align 8, !dbg !60
  %22 = load ptr, ptr %array, align 8, !dbg !60
  %size8 = getelementptr inbounds %"Array<Integer>", ptr %22, i32 0, i32 0, !dbg !60
  %23 = call %Integer @clone_integer(ptr %size8), !dbg !60
  %24 = call %Integer @clone_integer(ptr %bytes), !dbg !60
  %25 = call %Integer @integer_star_integer(%Integer %23, %Integer %24), !dbg !60
  %26 = call %MemoryAddress @"<:MemoryAddress> + <:Integer>"(%MemoryAddress %21, %Integer %25), !dbg !60
  %"$tmp@1118" = alloca %MemoryAddress, align 8, !dbg !60
  store %MemoryAddress %26, ptr %"$tmp@1118", align 8, !dbg !60
  call void @copy_bytes(ptr %bytes, ptr %"$tmp@1100", ptr %"$tmp@1118"), !dbg !60
  %27 = load ptr, ptr %array, align 8, !dbg !60
  %size9 = getelementptr inbounds %"Array<Integer>", ptr %27, i32 0, i32 0, !dbg !60
  %28 = call %Integer @integer_from_i64(i64 1), !dbg !60
  call void @"<:ReferenceMut<Integer>> += <:Integer>"(ptr %size9, %Integer %28), !dbg !60
  call void @destroy_integer(ptr %bytes), !dbg !60
  br label %return, !dbg !60

while.condition:                                  ; preds = %while.body, %if.body
  %29 = call %Integer @clone_integer(ptr %i), !dbg !60
  %30 = load ptr, ptr %array, align 8, !dbg !60
  %size = getelementptr inbounds %"Array<Integer>", ptr %30, i32 0, i32 0, !dbg !60
  %31 = call %Integer @clone_integer(ptr %size), !dbg !60
  %32 = call i1 @integer_less_integer(%Integer %29, %Integer %31), !dbg !60
  br i1 %32, label %while.body, label %44, !dbg !60

while.body:                                       ; preds = %while.condition
  %33 = call %Integer @clone_integer(ptr %i), !dbg !60
  %34 = call %Integer @clone_integer(ptr %bytes), !dbg !60
  %35 = call %Integer @integer_star_integer(%Integer %33, %Integer %34), !dbg !60
  %offset = alloca %Integer, align 8, !dbg !60
  store %Integer %35, ptr %offset, align 8, !dbg !60
  %36 = load ptr, ptr %array, align 8, !dbg !60
  %data = getelementptr inbounds %"Array<Integer>", ptr %36, i32 0, i32 2, !dbg !60
  %37 = load %MemoryAddress, ptr %data, align 8, !dbg !60
  %38 = call %Integer @clone_integer(ptr %offset), !dbg !60
  %39 = call %MemoryAddress @"<:MemoryAddress> + <:Integer>"(%MemoryAddress %37, %Integer %38), !dbg !60
  %"$tmp@947" = alloca %MemoryAddress, align 8, !dbg !60
  store %MemoryAddress %39, ptr %"$tmp@947", align 8, !dbg !60
  %40 = load %MemoryAddress, ptr %new_data, align 8, !dbg !60
  %41 = call %Integer @clone_integer(ptr %offset), !dbg !60
  %42 = call %MemoryAddress @"<:MemoryAddress> + <:Integer>"(%MemoryAddress %40, %Integer %41), !dbg !60
  %"$tmp@972" = alloca %MemoryAddress, align 8, !dbg !60
  store %MemoryAddress %42, ptr %"$tmp@972", align 8, !dbg !60
  call void @copy_bytes(ptr %bytes, ptr %"$tmp@947", ptr %"$tmp@972"), !dbg !60
  %43 = call %Integer @integer_from_i64(i64 1), !dbg !60
  call void @"<:ReferenceMut<Integer>> += <:Integer>"(ptr %i, %Integer %43), !dbg !60
  call void @destroy_integer(ptr %offset), !dbg !60
  br label %while.condition, !dbg !60

44:                                               ; preds = %while.condition
  %45 = load ptr, ptr %array, align 8, !dbg !60
  %data1 = getelementptr inbounds %"Array<Integer>", ptr %45, i32 0, i32 2, !dbg !60
  call void @free_memory(ptr %data1), !dbg !60
  %46 = load ptr, ptr %array, align 8, !dbg !60
  %data2 = getelementptr inbounds %"Array<Integer>", ptr %46, i32 0, i32 2, !dbg !60
  %47 = load %MemoryAddress, ptr %new_data, align 8, !dbg !60
  store %MemoryAddress %47, ptr %data2, align 8, !dbg !60
  %48 = load ptr, ptr %array, align 8, !dbg !60
  %capacity3 = getelementptr inbounds %"Array<Integer>", ptr %48, i32 0, i32 1, !dbg !60
  call void @destroy_integer(ptr %capacity3), !dbg !60
  %49 = load ptr, ptr %array, align 8, !dbg !60
  %capacity4 = getelementptr inbounds %"Array<Integer>", ptr %49, i32 0, i32 1, !dbg !60
  %50 = call %Integer @clone_integer(ptr %new_capacity), !dbg !60
  store %Integer %50, ptr %capacity4, align 8, !dbg !60
  call void @destroy_integer(ptr %new_capacity), !dbg !60
  call void @destroy_integer(ptr %i), !dbg !60
  br label %18, !dbg !60
}

declare void @copy_bytes(ptr, ptr, ptr)

declare void @free_memory(ptr)

declare %MemoryAddress @address_of(ptr)

define private void @"println <:Integer>"(%Integer %0) !dbg !61 {
  %x = alloca %Integer, align 8
  store %Integer %0, ptr %x, align 8
  %2 = load %Integer, ptr %x, align 8, !dbg !62
  %3 = call %String @integer_as_string(%Integer %2), !dbg !62
  call void @"println <:String>"(%String %3), !dbg !62
  br label %return, !dbg !63

return:                                           ; preds = %1
  ret void
}

define private void @initialize.3() !dbg !64 {
  %1 = call %Integer @integer_from_i64(i64 2), !dbg !65
  store %Integer %1, ptr @i, align 8, !dbg !65
  br label %return, !dbg !65

return:                                           ; preds = %0
  ret void
}

define private i1 @"<:Integer> <= <:Integer>"(%Integer %0, %Integer %1) !dbg !66 {
  %return_value = alloca i1, align 1
  %x = alloca %Integer, align 8
  store %Integer %0, ptr %x, align 8
  %y = alloca %Integer, align 8
  store %Integer %1, ptr %y, align 8
  %3 = load %Integer, ptr %x, align 8, !dbg !67
  %4 = load %Integer, ptr %y, align 8, !dbg !67
  %5 = call i1 @"<:Integer> > <:Integer>"(%Integer %3, %Integer %4), !dbg !67
  %6 = call i1 @"not <:Bool>"(i1 %5), !dbg !67
  %"$tmp@1068" = alloca i1, align 1, !dbg !67
  store i1 %6, ptr %"$tmp@1068", align 1, !dbg !67
  %7 = load i1, ptr %"$tmp@1068", align 1, !dbg !67
  store i1 %7, ptr %return_value, align 1, !dbg !67
  br label %return, !dbg !67

return:                                           ; preds = %2
  %8 = load i1, ptr %return_value, align 1
  ret i1 %8
}

declare i1 @"not <:Bool>"(i1)

!llvm.module.flags = !{!0}
!llvm.dbg.cu = !{!1}

!0 = !{i32 2, !"Debug Info Version", i32 3}
!1 = distinct !DICompileUnit(language: DW_LANG_C, file: !2, producer: "ppl", isOptimized: false, runtimeVersion: 0, emissionKind: FullDebug, splitDebugInlining: false, sysroot: "/")
!2 = !DIFile(filename: "src/main.ppl", directory: ".")
!3 = distinct !DISubprogram(name: "initialize", linkageName: "initialize", scope: !2, file: !2, line: 7, type: !4, spFlags: DISPFlagDefinition, unit: !1)
!4 = !DISubroutineType(types: !5)
!5 = !{!6}
!6 = !DIBasicType(name: "i32", size: 32, encoding: DW_ATE_signed)
!7 = !DILocation(line: 7, column: 18, scope: !3)
!8 = !DILocation(line: 0, scope: !3)
!9 = distinct !DISubprogram(name: "initialize.1", linkageName: "initialize.1", scope: !2, file: !2, type: !4, spFlags: DISPFlagDefinition, unit: !1)
!10 = !DILocation(line: 0, column: 14, scope: !9)
!11 = !DILocation(line: 0, scope: !9)
!12 = distinct !DISubprogram(name: "main.execute", linkageName: "main.execute", scope: !2, file: !2, type: !4, spFlags: DISPFlagDefinition, unit: !1)
!13 = !DILocation(line: 7, column: 18, scope: !12)
!14 = !DILocation(line: 0, column: 14, scope: !12)
!15 = !DILocation(line: 1, column: 8, scope: !12)
!16 = !DILocation(line: 3, column: 9, scope: !12)
!17 = !DILocation(line: 2, column: 3, scope: !12)
!18 = !DILocation(line: 4, column: 5, scope: !12)
!19 = !DILocation(line: 4, column: 10, scope: !12)
!20 = !DILocation(line: 5, column: 8, scope: !12)
!21 = !DILocation(line: 7, column: 9, scope: !12)
!22 = !DILocation(line: 6, column: 3, scope: !12)
!23 = !DILocation(line: 8, column: 12, scope: !12)
!24 = !DILocation(line: 10, column: 12, scope: !12)
!25 = !DILocation(line: 11, column: 6, scope: !12)
!26 = !DILocation(line: 11, column: 11, scope: !12)
!27 = !DILocation(line: 12, column: 6, scope: !12)
!28 = !DILocation(line: 12, column: 11, scope: !12)
!29 = !DILocation(line: 13, column: 6, scope: !12)
!30 = !DILocation(line: 14, column: 9, scope: !12)
!31 = !DILocation(line: 10, scope: !12)
!32 = distinct !DISubprogram(name: "initialize.2", linkageName: "initialize.2", scope: !12, file: !2, type: !4, spFlags: DISPFlagDefinition, unit: !1)
!33 = !DILocation(line: 0, column: 14, scope: !32)
!34 = distinct !DISubprogram(name: "<:Type<Integer>> [ ]", linkageName: "<:Type<Integer>> [ ]", scope: !32, file: !2, line: 11, type: !4, spFlags: DISPFlagDefinition, unit: !1)
!35 = !DILocation(line: 14, column: 12, scope: !34)
!36 = !DILocation(line: 15, scope: !34)
!37 = !DILocation(line: 13, column: 5, scope: !34)
!38 = distinct !DISubprogram(name: "allocate <:Integer> <:Type<Integer>>", linkageName: "allocate <:Integer> <:Type<Integer>>", scope: !34, file: !2, line: 15, type: !4, spFlags: DISPFlagDefinition, unit: !1)
!39 = !DILocation(line: 15, scope: !38)
!40 = distinct !DISubprogram(name: "size of <:Type<Integer>>", linkageName: "size of <:Type<Integer>>", scope: !38, file: !2, line: 15, type: !4, spFlags: DISPFlagDefinition, unit: !1)
!41 = !DILocation(line: 15, scope: !40)
!42 = distinct !DISubprogram(name: "println <:Array<Integer>>", linkageName: "println <:Array<Integer>>", scope: !12, file: !2, line: 8, type: !4, spFlags: DISPFlagDefinition, unit: !1)
!43 = !DILocation(line: 12, column: 14, scope: !42)
!44 = !DILocation(line: 11, column: 8, scope: !42)
!45 = distinct !DISubprogram(name: "String from <:Array<Integer>>", linkageName: "String from <:Array<Integer>>", scope: !42, file: !2, line: 15, type: !4, spFlags: DISPFlagDefinition, unit: !1)
!46 = !DILocation(line: 15, scope: !45)
!47 = distinct !DISubprogram(name: "<:ReferenceMut<String>> += <:String>", linkageName: "<:ReferenceMut<String>> += <:String>", scope: !45, file: !2, line: 11, type: !4, spFlags: DISPFlagDefinition, unit: !1)
!48 = !DILocation(line: 15, scope: !47)
!49 = distinct !DISubprogram(name: "<:Reference<Array<Integer>>> [ <:Integer> ]", linkageName: "<:Reference<Array<Integer>>> [ <:Integer> ]", scope: !45, file: !2, line: 15, type: !4, spFlags: DISPFlagDefinition, unit: !1)
!50 = !DILocation(line: 15, scope: !49)
!51 = distinct !DISubprogram(name: "<:ReferenceMut<Integer>> += <:Integer>", linkageName: "<:ReferenceMut<Integer>> += <:Integer>", scope: !45, file: !2, line: 11, type: !4, spFlags: DISPFlagDefinition, unit: !1)
!52 = !DILocation(line: 15, scope: !51)
!53 = distinct !DISubprogram(name: "<:Reference<Array<Integer>>> is not empty", linkageName: "<:Reference<Array<Integer>>> is not empty", scope: !45, file: !2, line: 15, type: !4, spFlags: DISPFlagDefinition, unit: !1)
!54 = !DILocation(line: 15, scope: !53)
!55 = distinct !DISubprogram(name: "<:Integer> > <:Integer>", linkageName: "<:Integer> > <:Integer>", scope: !53, file: !2, line: 15, type: !4, spFlags: DISPFlagDefinition, unit: !1)
!56 = !DILocation(line: 15, scope: !55)
!57 = distinct !DISubprogram(name: "<:Reference<Array<Integer>>> is empty", linkageName: "<:Reference<Array<Integer>>> is empty", scope: !12, file: !2, line: 15, type: !4, spFlags: DISPFlagDefinition, unit: !1)
!58 = !DILocation(line: 15, scope: !57)
!59 = distinct !DISubprogram(name: "push <:Integer> to <:ReferenceMut<Array<Integer>>>", linkageName: "push <:Integer> to <:ReferenceMut<Array<Integer>>>", scope: !12, file: !2, line: 15, type: !4, spFlags: DISPFlagDefinition, unit: !1)
!60 = !DILocation(line: 15, scope: !59)
!61 = distinct !DISubprogram(name: "println <:Integer>", linkageName: "println <:Integer>", scope: !12, file: !2, line: 8, type: !4, spFlags: DISPFlagDefinition, unit: !1)
!62 = !DILocation(line: 12, column: 14, scope: !61)
!63 = !DILocation(line: 11, column: 8, scope: !61)
!64 = distinct !DISubprogram(name: "initialize.3", linkageName: "initialize.3", scope: !12, file: !2, line: 10, type: !4, spFlags: DISPFlagDefinition, unit: !1)
!65 = !DILocation(line: 10, column: 12, scope: !64)
!66 = distinct !DISubprogram(name: "<:Integer> <= <:Integer>", linkageName: "<:Integer> <= <:Integer>", scope: !12, file: !2, line: 15, type: !4, spFlags: DISPFlagDefinition, unit: !1)
!67 = !DILocation(line: 15, scope: !66)
