---
source: src/tests/mod.rs
expression: hir
---
use utils.*
`println <:None>`(`do nothing`())
`println <:Integer>`(`do something`())

==MONOMORPHIZED==


fn String from <$arg0: None> -> String:
	return "none"


fn println <x: None> -> None:
	let $tmp@176: None = `println <:String>`(`String from <:None>`((copy x:None)))
	return ($tmp@176:None)



@mangle_as("integer_as_string")
fn String from <$arg0: Integer> -> String

fn println <x: Integer> -> None:
	let $tmp@176: None = `println <:String>`(`String from <:Integer>`((copy x:Integer)))
	return ($tmp@176:None)
