---
source: src/tests/mod.rs
expression: hir
---
let mut a: Integer = 1
let mut b: Integer = 2
`print <:Integer>`(`clone <:Reference<Integer>>`((a:Integer)))
let $tmp@42: String = " "
`print <:Reference<String>>`((&$tmp@42:Reference<String>))
`println <:Integer>`(`clone <:Reference<Integer>>`((b:Integer)))
`swap <:ReferenceMut<Integer>> and <:ReferenceMut<Integer>>`((&a:ReferenceMut<Integer>), (&b:ReferenceMut<Integer>))
`print <:Integer>`(`clone <:Reference<Integer>>`((a:Integer)))
let $tmp@84: String = " "
`print <:Reference<String>>`((&$tmp@84:Reference<String>))
`println <:Integer>`(`clone <:Reference<Integer>>`((b:Integer)))
`destroy <:ReferenceMut<Integer>>`((a:Integer))
`destroy <:ReferenceMut<Integer>>`((b:Integer))
`destroy <:ReferenceMut<String>>`(($tmp@42:String))
`destroy <:ReferenceMut<String>>`(($tmp@84:String))

==MONOMORPHIZED==


@mangle_as("integer_as_string")
fn String from <$arg0: Integer> -> String

fn print <x: Integer> -> None:
	let $tmp@135: String = `String from <:Integer>`((copy x:Integer))
	let $tmp@128: None = `print <:Reference<String>>`((&$tmp@135:Reference<String>))
	return ($tmp@128:None)



@mangle_as("integer_as_string")
fn String from <$arg0: Integer> -> String

fn println <x: Integer> -> None:
	let $tmp@176: None = `println <:String>`(`String from <:Integer>`((copy x:Integer)))
	return ($tmp@176:None)



fn<Integer> swap <a: ReferenceMut<Integer>> and <b: ReferenceMut<Integer>> -> None:
	let tmp: Integer = (*a:Integer)
	(a:ReferenceMut<Integer>) = (*b:Integer)
	(b:ReferenceMut<Integer>) = (copy tmp:Integer)


@mangle_as("integer_as_string")
fn String from <$arg0: Integer> -> String

fn print <x: Integer> -> None:
	let $tmp@135: String = `String from <:Integer>`((copy x:Integer))
	let $tmp@128: None = `print <:Reference<String>>`((&$tmp@135:Reference<String>))
	return ($tmp@128:None)



@mangle_as("integer_as_string")
fn String from <$arg0: Integer> -> String

fn println <x: Integer> -> None:
	let $tmp@176: None = `println <:String>`(`String from <:Integer>`((copy x:Integer)))
	return ($tmp@176:None)
