---
source: src/tests/mod.rs
expression: ir
---
; ModuleID = 'main'
source_filename = "src/main.ppl"

%"Type<String>" = type { %String, %Integer }
%String = type { ptr }
%Integer = type { ptr }
%"Type<Integer>" = type { %String, %Integer }
%"Type<Array<Integer>>" = type { %String, %Integer }
%Rational = type { ptr }

@"Type<String>" = private global %"Type<String>" zeroinitializer
@0 = private unnamed_addr constant [7 x i8] c"String\00", align 1
@"Type<Integer>" = private global %"Type<Integer>" zeroinitializer
@1 = private unnamed_addr constant [8 x i8] c"Integer\00", align 1
@"Type<Array<Integer>>" = private global %"Type<Array<Integer>>" zeroinitializer
@2 = private unnamed_addr constant [15 x i8] c"Array<Integer>\00", align 1
@"$tmp0@8" = global %String zeroinitializer
@3 = private unnamed_addr constant [6 x i8] c"Hello\00", align 1
@"$tmp1@18" = global %String zeroinitializer
@4 = private unnamed_addr constant [2 x i8] c" \00", align 1
@"$tmp2@8" = global %String zeroinitializer
@"$tmp3@24" = global %String zeroinitializer
@5 = private unnamed_addr constant [7 x i8] c"World!\00", align 1
@"$tmp4@8" = global %String zeroinitializer
@"$tmp0@42" = global %String zeroinitializer
@"$tmp0@69" = global %String zeroinitializer
@"$tmp0@97" = global %String zeroinitializer
@"$tmp0@136" = global %Integer zeroinitializer
@"$tmp1@124" = global %String zeroinitializer
@"$tmp0@160" = global %Rational zeroinitializer
@6 = private unnamed_addr constant [2 x i8] c"0\00", align 1
@"$tmp1@148" = global %String zeroinitializer
@"$tmp0@174" = global %String zeroinitializer
@"$tmp0@204" = global %String zeroinitializer

define private void @initialize() !dbg !3 {
  %1 = alloca %"Type<String>", align 8, !dbg !7
  %"Type<String>.name" = getelementptr inbounds %"Type<String>", ptr %1, i32 0, i32 0, !dbg !7
  %2 = call %String @string_from_c_string_and_length(ptr @0, i64 6), !dbg !8
  store %String %2, ptr %"Type<String>.name", align 8, !dbg !8
  %"Type<String>.size" = getelementptr inbounds %"Type<String>", ptr %1, i32 0, i32 1, !dbg !8
  %3 = call %Integer @integer_from_i64(i64 8), !dbg !8
  store %Integer %3, ptr %"Type<String>.size", align 8, !dbg !8
  %4 = load %"Type<String>", ptr %1, align 8, !dbg !8
  store %"Type<String>" %4, ptr @"Type<String>", align 8, !dbg !8
  br label %return, !dbg !8

return:                                           ; preds = %0
  ret void
}

declare %String @string_from_c_string_and_length(ptr, i64)

declare %Integer @integer_from_i64(i64)

define private void @initialize.1() !dbg !9 {
  %1 = alloca %"Type<Integer>", align 8, !dbg !10
  %"Type<Integer>.name" = getelementptr inbounds %"Type<Integer>", ptr %1, i32 0, i32 0, !dbg !10
  %2 = call %String @string_from_c_string_and_length(ptr @1, i64 7), !dbg !11
  store %String %2, ptr %"Type<Integer>.name", align 8, !dbg !11
  %"Type<Integer>.size" = getelementptr inbounds %"Type<Integer>", ptr %1, i32 0, i32 1, !dbg !11
  %3 = call %Integer @integer_from_i64(i64 8), !dbg !11
  store %Integer %3, ptr %"Type<Integer>.size", align 8, !dbg !11
  %4 = load %"Type<Integer>", ptr %1, align 8, !dbg !11
  store %"Type<Integer>" %4, ptr @"Type<Integer>", align 8, !dbg !11
  br label %return, !dbg !11

return:                                           ; preds = %0
  ret void
}

define private void @initialize.2() !dbg !12 {
  %1 = alloca %"Type<Array<Integer>>", align 8, !dbg !13
  %"Type<Array<Integer>>.name" = getelementptr inbounds %"Type<Array<Integer>>", ptr %1, i32 0, i32 0, !dbg !13
  %2 = call %String @string_from_c_string_and_length(ptr @2, i64 14), !dbg !14
  store %String %2, ptr %"Type<Array<Integer>>.name", align 8, !dbg !14
  %"Type<Array<Integer>>.size" = getelementptr inbounds %"Type<Array<Integer>>", ptr %1, i32 0, i32 1, !dbg !14
  %3 = call %Integer @integer_from_i64(i64 24), !dbg !14
  store %Integer %3, ptr %"Type<Array<Integer>>.size", align 8, !dbg !14
  %4 = load %"Type<Array<Integer>>", ptr %1, align 8, !dbg !14
  store %"Type<Array<Integer>>" %4, ptr @"Type<Array<Integer>>", align 8, !dbg !14
  br label %return, !dbg !14

return:                                           ; preds = %0
  ret void
}

define void @main.execute() !dbg !15 {
  call void @initialize(), !dbg !16
  call void @initialize.1(), !dbg !17
  call void @initialize.2(), !dbg !18
  call void @initialize.3(), !dbg !19
  call void @initialize.4(), !dbg !20
  call void @initialize.5(), !dbg !19
  call void @initialize.6(), !dbg !21
  call void @initialize.7(), !dbg !19
  %1 = load %String, ptr @"$tmp4@8", align 8, !dbg !19
  call void @"println <:String>"(%String %1), !dbg !19
  call void @initialize.8(), !dbg !22
  %2 = load %String, ptr @"$tmp0@42", align 8, !dbg !22
  call void @"println <:String>"(%String %2), !dbg !22
  call void @initialize.9(), !dbg !23
  %3 = load %String, ptr @"$tmp0@69", align 8, !dbg !23
  call void @"println <:String>"(%String %3), !dbg !23
  call void @initialize.10(), !dbg !24
  %4 = load %String, ptr @"$tmp0@97", align 8, !dbg !24
  call void @"println <:String>"(%String %4), !dbg !24
  call void @initialize.11(), !dbg !25
  call void @initialize.12(), !dbg !26
  %5 = load %String, ptr @"$tmp1@124", align 8, !dbg !26
  call void @"println <:String>"(%String %5), !dbg !26
  call void @initialize.13(), !dbg !27
  call void @initialize.14(), !dbg !28
  %6 = load %String, ptr @"$tmp1@148", align 8, !dbg !28
  call void @"println <:String>"(%String %6), !dbg !28
  call void @initialize.15(), !dbg !29
  %7 = load %String, ptr @"$tmp0@174", align 8, !dbg !29
  call void @"println <:String>"(%String %7), !dbg !29
  call void @initialize.16(), !dbg !16
  %8 = load %String, ptr @"$tmp0@204", align 8, !dbg !16
  call void @"println <:String>"(%String %8), !dbg !16
  %9 = load %String, ptr @"$tmp0@8", align 8, !dbg !19
  call void @destroy_string(%String %9), !dbg !19
  %10 = load %String, ptr @"$tmp1@18", align 8, !dbg !20
  call void @destroy_string(%String %10), !dbg !20
  %11 = load %String, ptr @"$tmp2@8", align 8, !dbg !19
  call void @destroy_string(%String %11), !dbg !19
  %12 = load %String, ptr @"$tmp3@24", align 8, !dbg !21
  call void @destroy_string(%String %12), !dbg !21
  %13 = load %String, ptr @"$tmp4@8", align 8, !dbg !19
  call void @destroy_string(%String %13), !dbg !19
  %14 = load %String, ptr @"$tmp0@42", align 8, !dbg !22
  call void @destroy_string(%String %14), !dbg !22
  %15 = load %String, ptr @"$tmp0@69", align 8, !dbg !23
  call void @destroy_string(%String %15), !dbg !23
  %16 = load %String, ptr @"$tmp0@97", align 8, !dbg !24
  call void @destroy_string(%String %16), !dbg !24
  %17 = load %Integer, ptr @"$tmp0@136", align 8, !dbg !25
  call void @destroy_integer(%Integer %17), !dbg !25
  %18 = load %String, ptr @"$tmp1@124", align 8, !dbg !26
  call void @destroy_string(%String %18), !dbg !26
  %19 = load %Rational, ptr @"$tmp0@160", align 8, !dbg !27
  call void @destroy_rational(%Rational %19), !dbg !27
  %20 = load %String, ptr @"$tmp1@148", align 8, !dbg !28
  call void @destroy_string(%String %20), !dbg !28
  %21 = load %String, ptr @"$tmp0@174", align 8, !dbg !29
  call void @destroy_string(%String %21), !dbg !29
  %22 = load %String, ptr @"$tmp0@204", align 8, !dbg !16
  call void @destroy_string(%String %22), !dbg !16
  br label %return, !dbg !16

return:                                           ; preds = %0
  ret void
}

define private void @initialize.3() !dbg !30 {
  %1 = call %String @string_from_c_string_and_length(ptr @3, i64 5), !dbg !31
  store %String %1, ptr @"$tmp0@8", align 8, !dbg !31
  br label %return, !dbg !31

return:                                           ; preds = %0
  ret void
}

define private void @initialize.4() !dbg !32 {
  %1 = call %String @string_from_c_string_and_length(ptr @4, i64 1), !dbg !33
  store %String %1, ptr @"$tmp1@18", align 8, !dbg !33
  br label %return, !dbg !33

return:                                           ; preds = %0
  ret void
}

define private void @initialize.5() !dbg !34 {
  %1 = load %String, ptr @"$tmp0@8", align 8, !dbg !35
  %2 = load %String, ptr @"$tmp1@18", align 8, !dbg !36
  %3 = call %String @string_plus_string(%String %1, %String %2), !dbg !36
  store %String %3, ptr @"$tmp2@8", align 8, !dbg !36
  br label %return, !dbg !36

return:                                           ; preds = %0
  ret void
}

declare %String @string_plus_string(%String, %String)

define private void @initialize.6() !dbg !37 {
  %1 = call %String @string_from_c_string_and_length(ptr @5, i64 6), !dbg !38
  store %String %1, ptr @"$tmp3@24", align 8, !dbg !38
  br label %return, !dbg !38

return:                                           ; preds = %0
  ret void
}

define private void @initialize.7() !dbg !39 {
  %1 = load %String, ptr @"$tmp2@8", align 8, !dbg !40
  %2 = load %String, ptr @"$tmp3@24", align 8, !dbg !41
  %3 = call %String @string_plus_string(%String %1, %String %2), !dbg !41
  store %String %3, ptr @"$tmp4@8", align 8, !dbg !41
  br label %return, !dbg !41

return:                                           ; preds = %0
  ret void
}

declare void @"println <:String>"(%String)

define private void @initialize.8() !dbg !42 {
  %1 = call %String @"String from <:None>"(), !dbg !43
  store %String %1, ptr @"$tmp0@42", align 8, !dbg !43
  br label %return, !dbg !43

return:                                           ; preds = %0
  ret void
}

declare %String @"String from <:None>"()

define private void @initialize.9() !dbg !44 {
  %1 = call %String @"String from <:Bool>"(i1 false), !dbg !45
  store %String %1, ptr @"$tmp0@69", align 8, !dbg !45
  br label %return, !dbg !45

return:                                           ; preds = %0
  ret void
}

declare %String @"String from <:Bool>"(i1)

define private void @initialize.10() !dbg !46 {
  %1 = call %String @"String from <:Bool>"(i1 true), !dbg !47
  store %String %1, ptr @"$tmp0@97", align 8, !dbg !47
  br label %return, !dbg !47

return:                                           ; preds = %0
  ret void
}

define private void @initialize.11() !dbg !48 {
  %1 = call %Integer @integer_from_i64(i64 0), !dbg !49
  store %Integer %1, ptr @"$tmp0@136", align 8, !dbg !49
  br label %return, !dbg !49

return:                                           ; preds = %0
  ret void
}

define private void @initialize.12() !dbg !50 {
  %1 = load %Integer, ptr @"$tmp0@136", align 8, !dbg !51
  %2 = call %String @integer_as_string(%Integer %1), !dbg !51
  store %String %2, ptr @"$tmp1@124", align 8, !dbg !51
  br label %return, !dbg !51

return:                                           ; preds = %0
  ret void
}

declare %String @integer_as_string(%Integer)

define private void @initialize.13() !dbg !52 {
  %1 = call %Rational @rational_from_c_string(ptr @6), !dbg !53
  store %Rational %1, ptr @"$tmp0@160", align 8, !dbg !53
  br label %return, !dbg !53

return:                                           ; preds = %0
  ret void
}

declare %Rational @rational_from_c_string(ptr)

define private void @initialize.14() !dbg !54 {
  %1 = load %Rational, ptr @"$tmp0@160", align 8, !dbg !55
  %2 = call %String @rational_as_string(%Rational %1), !dbg !55
  store %String %2, ptr @"$tmp1@148", align 8, !dbg !55
  br label %return, !dbg !55

return:                                           ; preds = %0
  ret void
}

declare %String @rational_as_string(%Rational)

define private void @initialize.15() !dbg !56 {
  %1 = load %"Type<Integer>", ptr @"Type<Integer>", align 8, !dbg !57
  %2 = call %String @"String from <:Type<Integer>>"(%"Type<Integer>" %1), !dbg !57
  store %String %2, ptr @"$tmp0@174", align 8, !dbg !57
  br label %return, !dbg !57

return:                                           ; preds = %0
  ret void
}

define private %String @"String from <:Type<Integer>>"(%"Type<Integer>" %0) !dbg !58 {
  %return_value = alloca %String, align 8
  %ty = alloca %"Type<Integer>", align 8
  store %"Type<Integer>" %0, ptr %ty, align 8
  %name = getelementptr inbounds %"Type<Integer>", ptr %ty, i32 0, i32 0, !dbg !59
  %2 = load %String, ptr %name, align 8, !dbg !59
  %3 = call %String @clone_string(%String %2), !dbg !59
  %4 = call %String @clone_string(%String %3), !dbg !59
  %"$tmp0@4313" = alloca %String, align 8, !dbg !59
  store %String %4, ptr %"$tmp0@4313", align 8, !dbg !59
  %5 = load %String, ptr %"$tmp0@4313", align 8, !dbg !59
  store %String %5, ptr %return_value, align 8, !dbg !59
  br label %return, !dbg !59

return:                                           ; preds = %1
  %6 = load %String, ptr %return_value, align 8
  ret %String %6
}

declare %String @clone_string(%String)

define private void @initialize.16() !dbg !60 {
  %1 = load %"Type<Array<Integer>>", ptr @"Type<Array<Integer>>", align 8, !dbg !61
  %2 = call %String @"String from <:Type<Array<Integer>>>"(%"Type<Array<Integer>>" %1), !dbg !61
  store %String %2, ptr @"$tmp0@204", align 8, !dbg !61
  br label %return, !dbg !61

return:                                           ; preds = %0
  ret void
}

define private %String @"String from <:Type<Array<Integer>>>"(%"Type<Array<Integer>>" %0) !dbg !62 {
  %return_value = alloca %String, align 8
  %ty = alloca %"Type<Array<Integer>>", align 8
  store %"Type<Array<Integer>>" %0, ptr %ty, align 8
  %name = getelementptr inbounds %"Type<Array<Integer>>", ptr %ty, i32 0, i32 0, !dbg !63
  %2 = load %String, ptr %name, align 8, !dbg !63
  %3 = call %String @clone_string(%String %2), !dbg !63
  %4 = call %String @clone_string(%String %3), !dbg !63
  %"$tmp0@4313" = alloca %String, align 8, !dbg !63
  store %String %4, ptr %"$tmp0@4313", align 8, !dbg !63
  %5 = load %String, ptr %"$tmp0@4313", align 8, !dbg !63
  store %String %5, ptr %return_value, align 8, !dbg !63
  br label %return, !dbg !63

return:                                           ; preds = %1
  %6 = load %String, ptr %return_value, align 8
  ret %String %6
}

declare void @destroy_string(%String)

declare void @destroy_integer(%Integer)

declare void @destroy_rational(%Rational)

!llvm.module.flags = !{!0}
!llvm.dbg.cu = !{!1}

!0 = !{i32 2, !"Debug Info Version", i32 3}
!1 = distinct !DICompileUnit(language: DW_LANG_C, file: !2, producer: "ppl", isOptimized: false, runtimeVersion: 0, emissionKind: FullDebug, splitDebugInlining: false, sysroot: "/")
!2 = !DIFile(filename: "src/main.ppl", directory: ".")
!3 = distinct !DISubprogram(name: "initialize", linkageName: "initialize", scope: !2, file: !2, line: 7, type: !4, spFlags: DISPFlagDefinition, unit: !1)
!4 = !DISubroutineType(types: !5)
!5 = !{!6}
!6 = !DIBasicType(name: "i32", size: 32, encoding: DW_ATE_signed)
!7 = !DILocation(line: 7, column: 9, scope: !3)
!8 = !DILocation(line: 0, scope: !3)
!9 = distinct !DISubprogram(name: "initialize.1", linkageName: "initialize.1", scope: !2, file: !2, line: 6, type: !4, spFlags: DISPFlagDefinition, unit: !1)
!10 = !DILocation(line: 6, column: 21, scope: !9)
!11 = !DILocation(line: 0, scope: !9)
!12 = distinct !DISubprogram(name: "initialize.2", linkageName: "initialize.2", scope: !2, file: !2, line: 7, type: !4, spFlags: DISPFlagDefinition, unit: !1)
!13 = !DILocation(line: 7, column: 21, scope: !12)
!14 = !DILocation(line: 0, scope: !12)
!15 = distinct !DISubprogram(name: "main.execute", linkageName: "main.execute", scope: !2, file: !2, type: !4, spFlags: DISPFlagDefinition, unit: !1)
!16 = !DILocation(line: 7, column: 9, scope: !15)
!17 = !DILocation(line: 6, column: 21, scope: !15)
!18 = !DILocation(line: 7, column: 21, scope: !15)
!19 = !DILocation(line: 0, column: 8, scope: !15)
!20 = !DILocation(line: 0, column: 18, scope: !15)
!21 = !DILocation(line: 0, column: 24, scope: !15)
!22 = !DILocation(line: 1, column: 9, scope: !15)
!23 = !DILocation(line: 2, column: 9, scope: !15)
!24 = !DILocation(line: 3, column: 9, scope: !15)
!25 = !DILocation(line: 4, column: 21, scope: !15)
!26 = !DILocation(line: 4, column: 9, scope: !15)
!27 = !DILocation(line: 5, column: 21, scope: !15)
!28 = !DILocation(line: 5, column: 9, scope: !15)
!29 = !DILocation(line: 6, column: 9, scope: !15)
!30 = distinct !DISubprogram(name: "initialize.3", linkageName: "initialize.3", scope: !15, file: !2, type: !4, spFlags: DISPFlagDefinition, unit: !1)
!31 = !DILocation(line: 0, column: 8, scope: !30)
!32 = distinct !DISubprogram(name: "initialize.4", linkageName: "initialize.4", scope: !15, file: !2, type: !4, spFlags: DISPFlagDefinition, unit: !1)
!33 = !DILocation(line: 0, column: 18, scope: !32)
!34 = distinct !DISubprogram(name: "initialize.5", linkageName: "initialize.5", scope: !15, file: !2, type: !4, spFlags: DISPFlagDefinition, unit: !1)
!35 = !DILocation(line: 0, column: 8, scope: !34)
!36 = !DILocation(line: 0, column: 18, scope: !34)
!37 = distinct !DISubprogram(name: "initialize.6", linkageName: "initialize.6", scope: !15, file: !2, type: !4, spFlags: DISPFlagDefinition, unit: !1)
!38 = !DILocation(line: 0, column: 24, scope: !37)
!39 = distinct !DISubprogram(name: "initialize.7", linkageName: "initialize.7", scope: !15, file: !2, type: !4, spFlags: DISPFlagDefinition, unit: !1)
!40 = !DILocation(line: 0, column: 8, scope: !39)
!41 = !DILocation(line: 0, column: 24, scope: !39)
!42 = distinct !DISubprogram(name: "initialize.8", linkageName: "initialize.8", scope: !15, file: !2, line: 1, type: !4, spFlags: DISPFlagDefinition, unit: !1)
!43 = !DILocation(line: 1, column: 21, scope: !42)
!44 = distinct !DISubprogram(name: "initialize.9", linkageName: "initialize.9", scope: !15, file: !2, line: 2, type: !4, spFlags: DISPFlagDefinition, unit: !1)
!45 = !DILocation(line: 2, column: 21, scope: !44)
!46 = distinct !DISubprogram(name: "initialize.10", linkageName: "initialize.10", scope: !15, file: !2, line: 3, type: !4, spFlags: DISPFlagDefinition, unit: !1)
!47 = !DILocation(line: 3, column: 21, scope: !46)
!48 = distinct !DISubprogram(name: "initialize.11", linkageName: "initialize.11", scope: !15, file: !2, line: 4, type: !4, spFlags: DISPFlagDefinition, unit: !1)
!49 = !DILocation(line: 4, column: 21, scope: !48)
!50 = distinct !DISubprogram(name: "initialize.12", linkageName: "initialize.12", scope: !15, file: !2, line: 4, type: !4, spFlags: DISPFlagDefinition, unit: !1)
!51 = !DILocation(line: 4, column: 21, scope: !50)
!52 = distinct !DISubprogram(name: "initialize.13", linkageName: "initialize.13", scope: !15, file: !2, line: 5, type: !4, spFlags: DISPFlagDefinition, unit: !1)
!53 = !DILocation(line: 5, column: 21, scope: !52)
!54 = distinct !DISubprogram(name: "initialize.14", linkageName: "initialize.14", scope: !15, file: !2, line: 5, type: !4, spFlags: DISPFlagDefinition, unit: !1)
!55 = !DILocation(line: 5, column: 21, scope: !54)
!56 = distinct !DISubprogram(name: "initialize.15", linkageName: "initialize.15", scope: !15, file: !2, line: 6, type: !4, spFlags: DISPFlagDefinition, unit: !1)
!57 = !DILocation(line: 6, column: 21, scope: !56)
!58 = distinct !DISubprogram(name: "String from <:Type<Integer>>", linkageName: "String from <:Type<Integer>>", scope: !56, file: !2, line: 7, type: !4, spFlags: DISPFlagDefinition, unit: !1)
!59 = !DILocation(line: 7, column: 36, scope: !58)
!60 = distinct !DISubprogram(name: "initialize.16", linkageName: "initialize.16", scope: !15, file: !2, line: 7, type: !4, spFlags: DISPFlagDefinition, unit: !1)
!61 = !DILocation(line: 7, column: 21, scope: !60)
!62 = distinct !DISubprogram(name: "String from <:Type<Array<Integer>>>", linkageName: "String from <:Type<Array<Integer>>>", scope: !60, file: !2, line: 7, type: !4, spFlags: DISPFlagDefinition, unit: !1)
!63 = !DILocation(line: 7, column: 36, scope: !62)
