---
source: src/tests/mod.rs
expression: hir
---
fn call predeclared -> None:
	`predeclared <:Integer>`(1)


fn<T> predeclared <x: T> -> None:
	`println <:String>`("called predeclared")

`call predeclared`()

==MONOMORPHIZED==


fn<Integer> predeclared <x: Integer> -> None:
	`println <:String>`("called predeclared")
