---
source: src/tests/mod.rs
expression: err
---
Error: semantics::no_function

  × no operator `<:Integer> != <:Rational>`
   ╭─[main.ppl:1:1]
 1 │ 1 != 1.0
   · ┬ ─┬ ─┬─
   · │  │  ╰── <:Rational>
   · │  ╰── for this operator
   · ╰── <:Integer>
   ╰────

Advice:   ☞ candidate is not viable
  ╰─▶ semantics::type_mismatch
      
        × expected `Self` type, got `Rational`
      
      Error:   × Self
          ╭─[math.ppl:33:19]
       32 │
       33 │     fn <x: Self> != <y: Self> => not (x == y)
          ·                      ┬
          ·                      ╰── this has `Self` type
       34 │
          ╰────
      Error:   × Rational
         ╭─[main.ppl:1:6]
       1 │ 1 != 1.0
         ·      ─┬─
         ·       ╰── this has `Rational` type
         ╰────
      
Advice:   ☞ candidate is not viable
  ╰─▶ semantics::type_mismatch
      
        × expected `Self` type, got `Rational`
      
      Error:   × Self
          ╭─[math.ppl:33:19]
       32 │
       33 │     fn <x: Self> != <y: Self> => not (x == y)
          ·                      ┬
          ·                      ╰── this has `Self` type
       34 │
          ╰────
      Error:   × Rational
         ╭─[main.ppl:1:6]
       1 │ 1 != 1.0
         ·      ─┬─
         ·       ╰── this has `Rational` type
         ╰────
