---
source: src/tests/mod.rs
expression: hir
---
let $tmp0@12: Integer = 1
let mut x: Integer = ($tmp0@12:Integer)
let $tmp0@26: Integer = clone (x:Integer)
let mut y: Integer = ($tmp0@26:Integer)
let $tmp0@36: Integer = clone (x:Integer)
println ($tmp0@36:Integer)
let $tmp0@46: Integer = clone (y:Integer)
println ($tmp0@46:Integer)
let $tmp0@52: Integer = 2
destroy (y:Integer)
(y:Integer) = ($tmp0@52:Integer)
let $tmp0@62: Integer = clone (x:Integer)
println ($tmp0@62:Integer)
let $tmp0@72: Integer = clone (y:Integer)
println ($tmp0@72:Integer)
destroy ($tmp0@12:Integer)
destroy (x:Integer)
destroy ($tmp0@26:Integer)
destroy (y:Integer)
destroy ($tmp0@36:Integer)
destroy ($tmp0@46:Integer)
destroy ($tmp0@52:Integer)
destroy ($tmp0@62:Integer)
destroy ($tmp0@72:Integer)
