---
source: src/tests/mod.rs
expression: hir
---
type Destructible

fn destroy <:Destructible> -> None:
	let $tmp0@57: String = "destructor"
destroy ($tmp0@57:String)
	return println ($tmp0@57:String)

let $tmp0@83: Destructible = Destructible {  }
let mut x: Destructible = ($tmp0@83:Destructible)
let $tmp0@103: Destructible = Destructible {  }
destroy (x:Destructible)
(x:Destructible) = ($tmp0@103:Destructible)
let $tmp0@128: String = "done"
println ($tmp0@128:String)
destroy ($tmp0@83:Destructible)
destroy (x:Destructible)
destroy ($tmp0@103:Destructible)
destroy ($tmp0@128:String)
