---
source: src/tests/mod.rs
expression: hir
---
type A
let a: A = A {  }
`println <:Type<A>>`(`type of <:A>`((a:A)))

==MONOMORPHIZED==


fn<A> type of <$arg0: A> -> Type<A>:
	let $tmp@4483: Type<A> = Type<A> { name: "A", size: 8 }
	return ($tmp@4483:Type<A>)


fn<A> String from <ty: Type<A>> -> String:
	let $tmp@4358: String = `clone <:Reference<String>>`((ty:Type<A>).name)
	return ($tmp@4358:String)


fn println <x: Type<A>> -> None:
	let $tmp@176: None = `println <:String>`(`String from <:Type<A>>`((x:Type<A>)))
	return ($tmp@176:None)
